The Shawshank Redemption     
The Godfather     
The Godfather: Part II     
The Dark Knight     
Pulp Fiction     
Schindler's List     
12 Angry Men     
The Lord of the Rings: The Return of the King     
The Good, the Bad and the Ugly     
Fight Club     
The Lord of the Rings: The Fellowship of the Ring     
Star Wars: Episode V - The Empire Strikes Back     
Forrest Gump     
Inception     
One Flew Over the Cuckoo's Nest     
The Lord of the Rings: The Two Towers     
Goodfellas     
The Matrix     
Seven Samurai     
Star Wars: Episode IV - A New Hope     
City of God     
Se7en     
The Silence of the Lambs     
The Usual Suspects     
It's a Wonderful Life     
La vita è bella     
Léon     
Once Upon a Time in the West     
Interstellar     
Spirited Away     
Saving Private Ryan     
Casablanca     
American History X     
City Lights     
Psycho     
Raiders of the Lost Ark     
Rear Window     
Untouchable     
Modern Times     
The Green Mile     
Terminator 2: Judgment Day     
The Pianist     
The Departed     
Whiplash     
Back to the Future     
Memento     
Gladiator     
Apocalypse Now     
Dr. Strangelove or: How I Learned to Stop Worrying and Love the Bomb     
Sunset Boulevard     
The Prestige     
The Lion King     
Alien     
The Great Dictator     
The Lives of Others     
Cinema Paradiso     
Django Unchained     
The Shining     
Paths of Glory     
The Dark Knight Rises     
WALL·E     
Grave of the Fireflies     
American Beauty     
Aliens     
Star Wars: The Force Awakens     
Citizen Kane     
Princess Mononoke     
Oldeuboi     
North by Northwest     
Vertigo     
Das Boot     
Once Upon a Time in America     
M     
Star Wars: Episode VI - Return of the Jedi     
Witness for the Prosecution     
Amélie     
Reservoir Dogs     
Braveheart     
A Clockwork Orange     
Requiem for a Dream     
Toy Story 3     
Taxi Driver     
Double Indemnity     
To Kill a Mockingbird     
Lawrence of Arabia     
Eternal Sunshine of the Spotless Mind     
Full Metal Jacket     
Amadeus     
The Sting     
Singin' in the Rain     
Bicycle Thieves     
2001: A Space Odyssey     
Snatch.     
Monty Python and the Holy Grail     
The Kid     
Toy Story     
Inglourious Basterds     
Inside Out     
Rashomon     
L.A. Confidential     
The Apartment     
For a Few Dollars More     
All About Eve     
Jodaeiye Nader az Simin     
Indiana Jones and the Last Crusade     
Metropolis     
The Treasure of the Sierra Madre     
Scarface     
Yojimbo     
Batman Begins     
Some Like It Hot     
The Third Man     
Unforgiven     
3 Idiots     
Up     
Jagten     
Raging Bull     
Good Will Hunting     
Downfall     
Die Hard     
Chinatown     
The Great Escape     
Heat     
On the Waterfront     
The Revenant     
Sunrise: A Song of Two Humans     
Pan's Labyrinth     
Mr. Smith Goes to Washington     
My Neighbor Totoro     
The Bridge on the River Kwai     
The Gold Rush     
Ikiru     
Ran     
The Seventh Seal     
Blade Runner     
El secreto de sus ojos     
Lock, Stock and Two Smoking Barrels     
Wild Strawberries     
The General     
The Elephant Man     
Casino     
Howl's Moving Castle     
Warrior     
The Wolf of Wall Street     
V for Vendetta     
Gran Torino     
Judgement at Nuremberg     
A Beautiful Mind     
The Big Lebowski     
Sholay     
Rebecca     
The Deer Hunter     
Gone with the Wind     
Cool Hand Luke     
How to Train Your Dragon     
Fargo     
Trainspotting     
Incendies     
Dial M for Murder     
Mad Max: Fury Road     
The Sixth Sense     
Into the Wild     
It Happened One Night     
Finding Nemo     
No Country for Old Men     
The Thing     
Gone Girl     
Mary and Max     
Rush     
The Maltese Falcon     
Kill Bill: Vol. 1     
Life of Brian     
Hotel Rwanda     
The Wages of Fear     
Platoon     
There Will Be Blood     
Butch Cassidy and the Sundance Kid     
Network     
The 400 Blows     
Stand by Me     
Persona     
Touch of Evil     
12 Years a Slave     
The Princess Bride     
In the Name of the Father     
The Grand Budapest Hotel     
Amores Perros     
Million Dollar Baby     
The Martian     
Shutter Island     
Annie Hall     
Ben-Hur     
The Grapes of Wrath     
Relatos salvajes     
Hachi: A Dog's Tale     
Nausicaä of the Valley of the Wind     
Les Diaboliques     
Stalker     
Jurassic Park     
Gandhi     
8½     
The Bourne Ultimatum     
Donnie Darko     
The Wizard of Oz     
The Best Years of Our Lives     
Sin City     
Before Sunrise     
Strangers on a Train     
The Terminator     
Twelve Monkeys     
Memories of Murder     
Groundhog Day     
The Truman Show     
Rocky     
Monsters, Inc.     
Harry Potter and the Deathly Hallows: Part 2     
Infernal Affairs     
The Battle of Algiers     
Jaws     
Avengers Assemble     
Barry Lyndon     
La Haine     
Fanny and Alexander     
Dog Day Afternoon     
Throne of Blood     
The Imitation Game     
Yip Man     
Guardians of the Galaxy     
The King's Speech     
Prisoners     
High Noon     
Pirates of the Caribbean: The Curse of the Black Pearl     
A Fistful of Dollars     
The Help     
Laputa: Castle in the Sky     
Roman Holiday     
Notorious     
Who's Afraid of Virginia Woolf?     
Spring, Summer, Autumn, Winter... and Spring     
Beauty and the Beast     
Catch Me If You Can     
Underground     
Anatomy of a Murder     
The Night of the Hunter     
Before Sunset     
The Killing     
Three Colours: Red     
In the Mood for Love     
The Man Who Shot Liberty Valance     
Paris, Texas     
